{"ts":1773717886.261776,"peer":"zeek","metric_type":"counter","name":"process_cpu_user_seconds_total","labels":[],"label_values":[],"value":0.19}
{"ts":1773717886.261776,"peer":"zeek","metric_type":"counter","name":"process_cpu_system_seconds_total","labels":[],"label_values":[],"value":0.03}
{"ts":1773717886.261776,"peer":"zeek","metric_type":"gauge","name":"process_resident_memory_bytes","labels":[],"label_values":[],"value":156430336.0}
{"ts":1773717886.261776,"peer":"zeek","metric_type":"gauge","name":"process_virtual_memory_bytes","labels":[],"label_values":[],"value":35383123968.0}
{"ts":1773717886.261776,"peer":"zeek","metric_type":"gauge","name":"process_open_fds","labels":[],"label_values":[],"value":28.0}
{"ts":1773717886.261776,"peer":"zeek","metric_type":"gauge","name":"process_start_time_seconds","labels":[],"label_values":[],"value":1773717886.865597}
{"ts":1773717886.261776,"peer":"zeek","metric_type":"counter","name":"zeek_log_stream_writes_total","labels":["module","stream"],"label_values":["LoadedScripts","LoadedScripts::LOG"],"value":538.0}
{"ts":1773717886.261776,"peer":"zeek","metric_type":"counter","name":"zeek_log_stream_writes_total","labels":["module","stream"],"label_values":["PacketFilter","PacketFilter::LOG"],"value":1.0}
{"ts":1773717886.261776,"peer":"zeek","metric_type":"counter","name":"zeek_log_writer_writes_total","labels":["filter_name","module","path","stream","writer"],"label_values":["default","LoadedScripts","loaded_scripts","LoadedScripts::LOG","Log::WRITER_ASCII"],"value":538.0}
{"ts":1773717886.261776,"peer":"zeek","metric_type":"counter","name":"zeek_log_writer_writes_total","labels":["filter_name","module","path","stream","writer"],"label_values":["default","PacketFilter","packet_filter","PacketFilter::LOG","Log::WRITER_ASCII"],"value":1.0}
{"ts":1773717886.261776,"peer":"zeek","metric_type":"counter","name":"zeek_log_writer_discarded_writes_total","labels":["filter_name","module","path","stream","writer"],"label_values":["default","LoadedScripts","loaded_scripts","LoadedScripts::LOG","Log::WRITER_ASCII"],"value":0.0}
{"ts":1773717886.261776,"peer":"zeek","metric_type":"counter","name":"zeek_log_writer_discarded_writes_total","labels":["filter_name","module","path","stream","writer"],"label_values":["default","PacketFilter","packet_filter","PacketFilter::LOG","Log::WRITER_ASCII"],"value":0.0}
{"ts":1773717886.261776,"peer":"zeek","metric_type":"counter","name":"zeek_log_writer_truncated_string_fields_total","labels":["filter_name","module","path","stream","writer"],"label_values":["default","LoadedScripts","loaded_scripts","LoadedScripts::LOG","Log::WRITER_ASCII"],"value":0.0}
{"ts":1773717886.261776,"peer":"zeek","metric_type":"counter","name":"zeek_log_writer_truncated_string_fields_total","labels":["filter_name","module","path","stream","writer"],"label_values":["default","PacketFilter","packet_filter","PacketFilter::LOG","Log::WRITER_ASCII"],"value":0.0}
{"ts":1773717886.261776,"peer":"zeek","metric_type":"counter","name":"zeek_log_writer_truncated_containers_total","labels":["filter_name","module","path","stream","writer"],"label_values":["default","LoadedScripts","loaded_scripts","LoadedScripts::LOG","Log::WRITER_ASCII"],"value":0.0}
{"ts":1773717886.261776,"peer":"zeek","metric_type":"counter","name":"zeek_log_writer_truncated_containers_total","labels":["filter_name","module","path","stream","writer"],"label_values":["default","PacketFilter","packet_filter","PacketFilter::LOG","Log::WRITER_ASCII"],"value":0.0}
{"ts":1773717886.261776,"peer":"zeek","metric_type":"counter","name":"zeek_net_received_bytes_total","labels":[],"label_values":[],"value":54.0}
{"ts":1773717886.261776,"peer":"zeek","metric_type":"counter","name":"zeek_net_received_packets_total","labels":[],"label_values":[],"value":1.0}
{"ts":1773717886.261776,"peer":"zeek","metric_type":"counter","name":"zeek_msgthread_threads_total","labels":[],"label_values":[],"value":2.0}
{"ts":1773717886.261776,"peer":"zeek","metric_type":"counter","name":"zeek_msgthread_in_messages_total","labels":[],"label_values":[],"value":4.0}
{"ts":1773717886.261776,"peer":"zeek","metric_type":"counter","name":"zeek_msgthread_out_messages_total","labels":[],"label_values":[],"value":0.0}
{"ts":1773717886.261776,"peer":"zeek","metric_type":"counter","name":"zeek_cluster_core_outgoing_events_total","labels":[],"label_values":[],"value":0.0}
{"ts":1773717886.261776,"peer":"zeek","metric_type":"counter","name":"zeek_cluster_core_incoming_events_total","labels":[],"label_values":[],"value":0.0}
{"ts":1773717886.261776,"peer":"zeek","metric_type":"counter","name":"zeek_broker_incoming_events_total","labels":[],"label_values":[],"value":0.0}
{"ts":1773717886.261776,"peer":"zeek","metric_type":"counter","name":"zeek_broker_outgoing_events_total","labels":[],"label_values":[],"value":0.0}
{"ts":1773717886.261776,"peer":"zeek","metric_type":"counter","name":"zeek_broker_incoming_logs_total","labels":[],"label_values":[],"value":0.0}
{"ts":1773717886.261776,"peer":"zeek","metric_type":"counter","name":"zeek_broker_outgoing_logs_total","labels":[],"label_values":[],"value":0.0}
{"ts":1773717886.261776,"peer":"zeek","metric_type":"counter","name":"zeek_broker_incoming_ids_total","labels":[],"label_values":[],"value":0.0}
{"ts":1773717886.261776,"peer":"zeek","metric_type":"counter","name":"zeek_broker_outgoing_ids_total","labels":[],"label_values":[],"value":0.0}
{"ts":1773717886.261776,"peer":"zeek","metric_type":"counter","name":"zeek_timers_total","labels":[],"label_values":[],"value":126.0}
{"ts":1773717886.261776,"peer":"zeek","metric_type":"counter","name":"zeek_dnsmgr_requests_total","labels":[],"label_values":[],"value":0.0}
{"ts":1773717886.261776,"peer":"zeek","metric_type":"counter","name":"zeek_dnsmgr_successful_requests_total","labels":[],"label_values":[],"value":0.0}
{"ts":1773717886.261776,"peer":"zeek","metric_type":"counter","name":"zeek_dnsmgr_failed_requests_total","labels":[],"label_values":[],"value":0.0}
{"ts":1773717886.261776,"peer":"zeek","metric_type":"counter","name":"zeek_triggers_total","labels":[],"label_values":[],"value":0.0}
{"ts":1773717886.261776,"peer":"zeek","metric_type":"counter","name":"zeek_ended_sessions_total","labels":["reason"],"label_values":["inactivity"],"value":0.0}
{"ts":1773717886.261776,"peer":"zeek","metric_type":"counter","name":"zeek_event_handler_invocations_total","labels":["name"],"label_values":["Broker::log_flush"],"value":1.0}
{"ts":1773717886.261776,"peer":"zeek","metric_type":"counter","name":"zeek_event_handler_invocations_total","labels":["name"],"label_values":["filter_change_tracking"],"value":1.0}
{"ts":1773717886.261776,"peer":"zeek","metric_type":"counter","name":"zeek_event_handler_invocations_total","labels":["name"],"label_values":["ChecksumOffloading::check"],"value":1.0}
{"ts":1773717886.261776,"peer":"zeek","metric_type":"counter","name":"zeek_event_handler_invocations_total","labels":["name"],"label_values":["NetControl::init"],"value":1.0}
{"ts":1773717886.261776,"peer":"zeek","metric_type":"counter","name":"zeek_event_handler_invocations_total","labels":["name"],"label_values":["zeek_script_loaded"],"value":538.0}
{"ts":1773717886.261776,"peer":"zeek","metric_type":"counter","name":"zeek_event_handler_invocations_total","labels":["name"],"label_values":["Telemetry::log"],"value":1.0}
{"ts":1773717886.261776,"peer":"zeek","metric_type":"counter","name":"zeek_event_handler_invocations_total","labels":["name"],"label_values":["grab_vulnerable_versions"],"value":1.0}
{"ts":1773717886.261776,"peer":"zeek","metric_type":"counter","name":"zeek_event_handler_invocations_total","labels":["name"],"label_values":["zeek_init"],"value":1.0}
{"ts":1773717886.261776,"peer":"zeek","metric_type":"counter","name":"zeek_total_sessions_total","labels":["protocol"],"label_values":["icmp"],"value":0.0}
{"ts":1773717886.261776,"peer":"zeek","metric_type":"counter","name":"zeek_total_sessions_total","labels":["protocol"],"label_values":["udp"],"value":0.0}
{"ts":1773717886.261776,"peer":"zeek","metric_type":"counter","name":"zeek_total_sessions_total","labels":["protocol"],"label_values":["tcp"],"value":1.0}
{"ts":1773717886.261776,"peer":"zeek","metric_type":"gauge","name":"zeek_version_info","labels":["beta","commit","debug","major","minor","patch","version_number","version_string"],"label_values":["false","0","false","8","1","1","80101","8.1.1"],"value":1.0}
{"ts":1773717886.261776,"peer":"zeek","metric_type":"gauge","name":"zeek_net_timestamp_seconds","labels":[],"label_values":[],"value":1773717886.261776}
{"ts":1773717886.261776,"peer":"zeek","metric_type":"gauge","name":"zeek_msgthread_active_threads","labels":[],"label_values":[],"value":2.0}
{"ts":1773717886.261776,"peer":"zeek","metric_type":"gauge","name":"zeek_msgthread_pending_in_messages","labels":[],"label_values":[],"value":0.0}
{"ts":1773717886.261776,"peer":"zeek","metric_type":"gauge","name":"zeek_msgthread_pending_out_messages","labels":[],"label_values":[],"value":0.0}
{"ts":1773717886.261776,"peer":"zeek","metric_type":"gauge","name":"zeek_msgthread_pending_messages_in_buckets","labels":["leq"],"label_values":["inf"],"value":2.0}
{"ts":1773717886.261776,"peer":"zeek","metric_type":"gauge","name":"zeek_msgthread_pending_messages_in_buckets","labels":["leq"],"label_values":["10000"],"value":2.0}
{"ts":1773717886.261776,"peer":"zeek","metric_type":"gauge","name":"zeek_msgthread_pending_messages_in_buckets","labels":["leq"],"label_values":["1000"],"value":2.0}
{"ts":1773717886.261776,"peer":"zeek","metric_type":"gauge","name":"zeek_msgthread_pending_messages_in_buckets","labels":["leq"],"label_values":["100"],"value":2.0}
{"ts":1773717886.261776,"peer":"zeek","metric_type":"gauge","name":"zeek_msgthread_pending_messages_in_buckets","labels":["leq"],"label_values":["10"],"value":2.0}
{"ts":1773717886.261776,"peer":"zeek","metric_type":"gauge","name":"zeek_msgthread_pending_messages_in_buckets","labels":["leq"],"label_values":["1"],"value":2.0}
{"ts":1773717886.261776,"peer":"zeek","metric_type":"gauge","name":"zeek_msgthread_pending_messages_out_buckets","labels":["leq"],"label_values":["inf"],"value":2.0}
{"ts":1773717886.261776,"peer":"zeek","metric_type":"gauge","name":"zeek_msgthread_pending_messages_out_buckets","labels":["leq"],"label_values":["10000"],"value":2.0}
{"ts":1773717886.261776,"peer":"zeek","metric_type":"gauge","name":"zeek_msgthread_pending_messages_out_buckets","labels":["leq"],"label_values":["1000"],"value":2.0}
{"ts":1773717886.261776,"peer":"zeek","metric_type":"gauge","name":"zeek_msgthread_pending_messages_out_buckets","labels":["leq"],"label_values":["100"],"value":2.0}
{"ts":1773717886.261776,"peer":"zeek","metric_type":"gauge","name":"zeek_msgthread_pending_messages_out_buckets","labels":["leq"],"label_values":["10"],"value":2.0}
{"ts":1773717886.261776,"peer":"zeek","metric_type":"gauge","name":"zeek_msgthread_pending_messages_out_buckets","labels":["leq"],"label_values":["1"],"value":2.0}
{"ts":1773717886.261776,"peer":"zeek","metric_type":"gauge","name":"zeek_broker_peers","labels":[],"label_values":[],"value":0.0}
{"ts":1773717886.261776,"peer":"zeek","metric_type":"gauge","name":"zeek_broker_stores","labels":[],"label_values":[],"value":1.0}
{"ts":1773717886.261776,"peer":"zeek","metric_type":"gauge","name":"zeek_broker_pending_queries","labels":[],"label_values":[],"value":0.0}
{"ts":1773717886.261776,"peer":"zeek","metric_type":"gauge","name":"zeek_timers_lag_time_seconds","labels":[],"label_values":[],"value":1773714286.261776}
{"ts":1773717886.261776,"peer":"zeek","metric_type":"gauge","name":"zeek_timers_pending","labels":["type"],"label_values":["LogDelayExpire"],"value":0.0}
{"ts":1773717886.261776,"peer":"zeek","metric_type":"gauge","name":"zeek_timers_pending","labels":["type"],"label_values":["ThreadHeartbeat"],"value":1.0}
{"ts":1773717886.261776,"peer":"zeek","metric_type":"gauge","name":"zeek_timers_pending","labels":["type"],"label_values":["TimerMgrExpireTimer"],"value":0.0}
{"ts":1773717886.261776,"peer":"zeek","metric_type":"gauge","name":"zeek_timers_pending","labels":["type"],"label_values":["ParentProcessIDCheck"],"value":0.0}
{"ts":1773717886.261776,"peer":"zeek","metric_type":"gauge","name":"zeek_timers_pending","labels":["type"],"label_values":["FragTimer"],"value":0.0}
{"ts":1773717886.261776,"peer":"zeek","metric_type":"gauge","name":"zeek_timers_pending","labels":["type"],"label_values":["RotateTimer"],"value":0.0}
{"ts":1773717886.261776,"peer":"zeek","metric_type":"gauge","name":"zeek_timers_pending","labels":["type"],"label_values":["FlowWeirdTimer"],"value":0.0}
{"ts":1773717886.261776,"peer":"zeek","metric_type":"gauge","name":"zeek_timers_pending","labels":["type"],"label_values":["FileAnalysisInactivityTimer"],"value":0.0}
{"ts":1773717886.261776,"peer":"zeek","metric_type":"gauge","name":"zeek_timers_pending","labels":["type"],"label_values":["StorageExpire"],"value":1.0}
{"ts":1773717886.261776,"peer":"zeek","metric_type":"gauge","name":"zeek_timers_pending","labels":["type"],"label_values":["ConnectionInactivityTimer"],"value":1.0}
{"ts":1773717886.261776,"peer":"zeek","metric_type":"gauge","name":"zeek_timers_pending","labels":["type"],"label_values":["TCPConnectionExpireTimer"],"value":1.0}
{"ts":1773717886.261776,"peer":"zeek","metric_type":"gauge","name":"zeek_timers_pending","labels":["type"],"label_values":["ConnectionStatusUpdateTimer"],"value":0.0}
{"ts":1773717886.261776,"peer":"zeek","metric_type":"gauge","name":"zeek_timers_pending","labels":["type"],"label_values":["LogFlushWriteBufferTimer"],"value":1.0}
{"ts":1773717886.261776,"peer":"zeek","metric_type":"gauge","name":"zeek_timers_pending","labels":["type"],"label_values":["NetWeirdTimer"],"value":0.0}
{"ts":1773717886.261776,"peer":"zeek","metric_type":"gauge","name":"zeek_timers_pending","labels":["type"],"label_values":["InterconnTimer"],"value":0.0}
{"ts":1773717886.261776,"peer":"zeek","metric_type":"gauge","name":"zeek_timers_pending","labels":["type"],"label_values":["IPTunnelInactivityTimer"],"value":0.0}
{"ts":1773717886.261776,"peer":"zeek","metric_type":"gauge","name":"zeek_timers_pending","labels":["type"],"label_values":["DNSExpireTimer"],"value":0.0}
{"ts":1773717886.261776,"peer":"zeek","metric_type":"gauge","name":"zeek_timers_pending","labels":["type"],"label_values":["UnknownProtocolExpire"],"value":0.0}
{"ts":1773717886.261776,"peer":"zeek","metric_type":"gauge","name":"zeek_timers_pending","labels":["type"],"label_values":["ProfileTimer"],"value":0.0}
{"ts":1773717886.261776,"peer":"zeek","metric_type":"gauge","name":"zeek_timers_pending","labels":["type"],"label_values":["ConnectionExpireTimer"],"value":0.0}
{"ts":1773717886.261776,"peer":"zeek","metric_type":"gauge","name":"zeek_timers_pending","labels":["type"],"label_values":["BreakpointTimer"],"value":0.0}
{"ts":1773717886.261776,"peer":"zeek","metric_type":"gauge","name":"zeek_timers_pending","labels":["type"],"label_values":["BackdoorTimer"],"value":0.0}
{"ts":1773717886.261776,"peer":"zeek","metric_type":"gauge","name":"zeek_timers_pending","labels":["type"],"label_values":["NetbiosExpireTimer"],"value":0.0}
{"ts":1773717886.261776,"peer":"zeek","metric_type":"gauge","name":"zeek_timers_pending","labels":["type"],"label_values":["NetworkTimer"],"value":0.0}
{"ts":1773717886.261776,"peer":"zeek","metric_type":"gauge","name":"zeek_timers_pending","labels":["type"],"label_values":["RemoveConnection"],"value":0.0}
{"ts":1773717886.261776,"peer":"zeek","metric_type":"gauge","name":"zeek_timers_pending","labels":["type"],"label_values":["TCPConnectionResetTimer"],"value":0.0}
{"ts":1773717886.261776,"peer":"zeek","metric_type":"gauge","name":"zeek_timers_pending","labels":["type"],"label_values":["ConnTupleWeirdTimer"],"value":0.0}
{"ts":1773717886.261776,"peer":"zeek","metric_type":"gauge","name":"zeek_timers_pending","labels":["type"],"label_values":["TCPConnectionDeleteTimer"],"value":0.0}
{"ts":1773717886.261776,"peer":"zeek","metric_type":"gauge","name":"zeek_timers_pending","labels":["type"],"label_values":["ScheduleTimer"],"value":2.0}
{"ts":1773717886.261776,"peer":"zeek","metric_type":"gauge","name":"zeek_timers_pending","labels":["type"],"label_values":["NTPExpireTimer"],"value":0.0}
{"ts":1773717886.261776,"peer":"zeek","metric_type":"gauge","name":"zeek_timers_pending","labels":["type"],"label_values":["RPCExpireTimer"],"value":0.0}
{"ts":1773717886.261776,"peer":"zeek","metric_type":"gauge","name":"zeek_timers_pending","labels":["type"],"label_values":["ConnectionDeleteTimer"],"value":0.0}
{"ts":1773717886.261776,"peer":"zeek","metric_type":"gauge","name":"zeek_timers_pending","labels":["type"],"label_values":["TriggerTimer"],"value":0.0}
{"ts":1773717886.261776,"peer":"zeek","metric_type":"gauge","name":"zeek_timers_pending","labels":["type"],"label_values":["TableValTimer"],"value":34.0}
{"ts":1773717886.261776,"peer":"zeek","metric_type":"gauge","name":"zeek_timers_pending","labels":["type"],"label_values":["TCPConnectionAttemptTimer"],"value":1.0}
{"ts":1773717886.261776,"peer":"zeek","metric_type":"gauge","name":"zeek_timers_pending","labels":["type"],"label_values":["TCPConnectionPartialClose"],"value":0.0}
{"ts":1773717886.261776,"peer":"zeek","metric_type":"gauge","name":"zeek_dnsmgr_pending_asyncs_requests","labels":[],"label_values":[],"value":0.0}
{"ts":1773717886.261776,"peer":"zeek","metric_type":"gauge","name":"zeek_dnsmgr_cache_entries","labels":["type"],"label_values":["text"],"value":0.0}
{"ts":1773717886.261776,"peer":"zeek","metric_type":"gauge","name":"zeek_dnsmgr_cache_entries","labels":["type"],"label_values":["address"],"value":0.0}
{"ts":1773717886.261776,"peer":"zeek","metric_type":"gauge","name":"zeek_dnsmgr_cache_entries","labels":["type"],"label_values":["host"],"value":0.0}
{"ts":1773717886.261776,"peer":"zeek","metric_type":"gauge","name":"zeek_pending_triggers","labels":[],"label_values":[],"value":0.0}
{"ts":1773717886.261776,"peer":"zeek","metric_type":"gauge","name":"zeek_active_sessions","labels":["protocol"],"label_values":["icmp"],"value":0.0}
{"ts":1773717886.261776,"peer":"zeek","metric_type":"gauge","name":"zeek_active_sessions","labels":["protocol"],"label_values":["udp"],"value":0.0}
{"ts":1773717886.261776,"peer":"zeek","metric_type":"gauge","name":"zeek_active_sessions","labels":["protocol"],"label_values":["tcp"],"value":1.0}
{"ts":1773717886.263484,"peer":"zeek","metric_type":"counter","name":"process_cpu_user_seconds_total","labels":[],"label_values":[],"value":0.19}
{"ts":1773717886.263484,"peer":"zeek","metric_type":"counter","name":"process_cpu_system_seconds_total","labels":[],"label_values":[],"value":0.03}
{"ts":1773717886.263484,"peer":"zeek","metric_type":"gauge","name":"process_resident_memory_bytes","labels":[],"label_values":[],"value":156430336.0}
{"ts":1773717886.263484,"peer":"zeek","metric_type":"gauge","name":"process_virtual_memory_bytes","labels":[],"label_values":[],"value":35383123968.0}
{"ts":1773717886.263484,"peer":"zeek","metric_type":"gauge","name":"process_open_fds","labels":[],"label_values":[],"value":28.0}
{"ts":1773717886.263484,"peer":"zeek","metric_type":"gauge","name":"process_start_time_seconds","labels":[],"label_values":[],"value":1773717886.865597}
{"ts":1773717886.263484,"peer":"zeek","metric_type":"counter","name":"zeek_log_stream_writes_total","labels":["module","stream"],"label_values":["CaptureLoss","CaptureLoss::LOG"],"value":1.0}
{"ts":1773717886.263484,"peer":"zeek","metric_type":"counter","name":"zeek_log_stream_writes_total","labels":["module","stream"],"label_values":["Conn","Conn::LOG"],"value":2.0}
{"ts":1773717886.263484,"peer":"zeek","metric_type":"counter","name":"zeek_log_stream_writes_total","labels":["module","stream"],"label_values":["DNS","DNS::LOG"],"value":2.0}
{"ts":1773717886.263484,"peer":"zeek","metric_type":"counter","name":"zeek_log_stream_writes_total","labels":["module","stream"],"label_values":["HTTP","HTTP::LOG"],"value":1.0}
{"ts":1773717886.263484,"peer":"zeek","metric_type":"counter","name":"zeek_log_stream_writes_total","labels":["module","stream"],"label_values":["Files","Files::LOG"],"value":1.0}
{"ts":1773717886.263484,"peer":"zeek","metric_type":"counter","name":"zeek_log_stream_writes_total","labels":["module","stream"],"label_values":["Known","Known::SERVICES_LOG"],"value":1.0}
{"ts":1773717886.263484,"peer":"zeek","metric_type":"counter","name":"zeek_log_stream_writes_total","labels":["module","stream"],"label_values":["Known","Known::HOSTS_LOG"],"value":2.0}
{"ts":1773717886.263484,"peer":"zeek","metric_type":"counter","name":"zeek_log_stream_writes_total","labels":["module","stream"],"label_values":["Stats","Stats::LOG"],"value":2.0}
{"ts":1773717886.263484,"peer":"zeek","metric_type":"counter","name":"zeek_log_stream_writes_total","labels":["module","stream"],"label_values":["Telemetry","Telemetry::LOG"],"value":111.0}
{"ts":1773717886.263484,"peer":"zeek","metric_type":"counter","name":"zeek_log_stream_writes_total","labels":["module","stream"],"label_values":["LoadedScripts","LoadedScripts::LOG"],"value":538.0}
{"ts":1773717886.263484,"peer":"zeek","metric_type":"counter","name":"zeek_log_stream_writes_total","labels":["module","stream"],"label_values":["PacketFilter","PacketFilter::LOG"],"value":1.0}
{"ts":1773717886.263484,"peer":"zeek","metric_type":"counter","name":"zeek_log_writer_writes_total","labels":["filter_name","module","path","stream","writer"],"label_values":["default","CaptureLoss","capture_loss","CaptureLoss::LOG","Log::WRITER_ASCII"],"value":1.0}
{"ts":1773717886.263484,"peer":"zeek","metric_type":"counter","name":"zeek_log_writer_writes_total","labels":["filter_name","module","path","stream","writer"],"label_values":["default","Conn","conn","Conn::LOG","Log::WRITER_ASCII"],"value":2.0}
{"ts":1773717886.263484,"peer":"zeek","metric_type":"counter","name":"zeek_log_writer_writes_total","labels":["filter_name","module","path","stream","writer"],"label_values":["default","DNS","dns","DNS::LOG","Log::WRITER_ASCII"],"value":2.0}
{"ts":1773717886.263484,"peer":"zeek","metric_type":"counter","name":"zeek_log_writer_writes_total","labels":["filter_name","module","path","stream","writer"],"label_values":["default","Files","files","Files::LOG","Log::WRITER_ASCII"],"value":1.0}
{"ts":1773717886.263484,"peer":"zeek","metric_type":"counter","name":"zeek_log_writer_writes_total","labels":["filter_name","module","path","stream","writer"],"label_values":["default","Known","known_hosts","Known::HOSTS_LOG","Log::WRITER_ASCII"],"value":2.0}
{"ts":1773717886.263484,"peer":"zeek","metric_type":"counter","name":"zeek_log_writer_writes_total","labels":["filter_name","module","path","stream","writer"],"label_values":["default","HTTP","http","HTTP::LOG","Log::WRITER_ASCII"],"value":1.0}
{"ts":1773717886.263484,"peer":"zeek","metric_type":"counter","name":"zeek_log_writer_writes_total","labels":["filter_name","module","path","stream","writer"],"label_values":["default","Known","known_services","Known::SERVICES_LOG","Log::WRITER_ASCII"],"value":1.0}
{"ts":1773717886.263484,"peer":"zeek","metric_type":"counter","name":"zeek_log_writer_writes_total","labels":["filter_name","module","path","stream","writer"],"label_values":["default","Stats","stats","Stats::LOG","Log::WRITER_ASCII"],"value":2.0}
{"ts":1773717886.263484,"peer":"zeek","metric_type":"counter","name":"zeek_log_writer_writes_total","labels":["filter_name","module","path","stream","writer"],"label_values":["default","Telemetry","telemetry","Telemetry::LOG","Log::WRITER_ASCII"],"value":111.0}
{"ts":1773717886.263484,"peer":"zeek","metric_type":"counter","name":"zeek_log_writer_writes_total","labels":["filter_name","module","path","stream","writer"],"label_values":["default","LoadedScripts","loaded_scripts","LoadedScripts::LOG","Log::WRITER_ASCII"],"value":538.0}
{"ts":1773717886.263484,"peer":"zeek","metric_type":"counter","name":"zeek_log_writer_writes_total","labels":["filter_name","module","path","stream","writer"],"label_values":["default","PacketFilter","packet_filter","PacketFilter::LOG","Log::WRITER_ASCII"],"value":1.0}
{"ts":1773717886.263484,"peer":"zeek","metric_type":"counter","name":"zeek_log_writer_discarded_writes_total","labels":["filter_name","module","path","stream","writer"],"label_values":["default","CaptureLoss","capture_loss","CaptureLoss::LOG","Log::WRITER_ASCII"],"value":0.0}
{"ts":1773717886.263484,"peer":"zeek","metric_type":"counter","name":"zeek_log_writer_discarded_writes_total","labels":["filter_name","module","path","stream","writer"],"label_values":["default","Conn","conn","Conn::LOG","Log::WRITER_ASCII"],"value":0.0}
{"ts":1773717886.263484,"peer":"zeek","metric_type":"counter","name":"zeek_log_writer_discarded_writes_total","labels":["filter_name","module","path","stream","writer"],"label_values":["default","DNS","dns","DNS::LOG","Log::WRITER_ASCII"],"value":0.0}
{"ts":1773717886.263484,"peer":"zeek","metric_type":"counter","name":"zeek_log_writer_discarded_writes_total","labels":["filter_name","module","path","stream","writer"],"label_values":["default","Files","files","Files::LOG","Log::WRITER_ASCII"],"value":0.0}
{"ts":1773717886.263484,"peer":"zeek","metric_type":"counter","name":"zeek_log_writer_discarded_writes_total","labels":["filter_name","module","path","stream","writer"],"label_values":["default","Known","known_hosts","Known::HOSTS_LOG","Log::WRITER_ASCII"],"value":0.0}
{"ts":1773717886.263484,"peer":"zeek","metric_type":"counter","name":"zeek_log_writer_discarded_writes_total","labels":["filter_name","module","path","stream","writer"],"label_values":["default","HTTP","http","HTTP::LOG","Log::WRITER_ASCII"],"value":0.0}
{"ts":1773717886.263484,"peer":"zeek","metric_type":"counter","name":"zeek_log_writer_discarded_writes_total","labels":["filter_name","module","path","stream","writer"],"label_values":["default","Known","known_services","Known::SERVICES_LOG","Log::WRITER_ASCII"],"value":0.0}
{"ts":1773717886.263484,"peer":"zeek","metric_type":"counter","name":"zeek_log_writer_discarded_writes_total","labels":["filter_name","module","path","stream","writer"],"label_values":["default","Stats","stats","Stats::LOG","Log::WRITER_ASCII"],"value":0.0}
{"ts":1773717886.263484,"peer":"zeek","metric_type":"counter","name":"zeek_log_writer_discarded_writes_total","labels":["filter_name","module","path","stream","writer"],"label_values":["default","Telemetry","telemetry","Telemetry::LOG","Log::WRITER_ASCII"],"value":0.0}
{"ts":1773717886.263484,"peer":"zeek","metric_type":"counter","name":"zeek_log_writer_discarded_writes_total","labels":["filter_name","module","path","stream","writer"],"label_values":["default","LoadedScripts","loaded_scripts","LoadedScripts::LOG","Log::WRITER_ASCII"],"value":0.0}
{"ts":1773717886.263484,"peer":"zeek","metric_type":"counter","name":"zeek_log_writer_discarded_writes_total","labels":["filter_name","module","path","stream","writer"],"label_values":["default","PacketFilter","packet_filter","PacketFilter::LOG","Log::WRITER_ASCII"],"value":0.0}
{"ts":1773717886.263484,"peer":"zeek","metric_type":"counter","name":"zeek_log_writer_truncated_string_fields_total","labels":["filter_name","module","path","stream","writer"],"label_values":["default","CaptureLoss","capture_loss","CaptureLoss::LOG","Log::WRITER_ASCII"],"value":0.0}
{"ts":1773717886.263484,"peer":"zeek","metric_type":"counter","name":"zeek_log_writer_truncated_string_fields_total","labels":["filter_name","module","path","stream","writer"],"label_values":["default","Conn","conn","Conn::LOG","Log::WRITER_ASCII"],"value":0.0}
{"ts":1773717886.263484,"peer":"zeek","metric_type":"counter","name":"zeek_log_writer_truncated_string_fields_total","labels":["filter_name","module","path","stream","writer"],"label_values":["default","DNS","dns","DNS::LOG","Log::WRITER_ASCII"],"value":0.0}
{"ts":1773717886.263484,"peer":"zeek","metric_type":"counter","name":"zeek_log_writer_truncated_string_fields_total","labels":["filter_name","module","path","stream","writer"],"label_values":["default","Files","files","Files::LOG","Log::WRITER_ASCII"],"value":0.0}
{"ts":1773717886.263484,"peer":"zeek","metric_type":"counter","name":"zeek_log_writer_truncated_string_fields_total","labels":["filter_name","module","path","stream","writer"],"label_values":["default","Known","known_hosts","Known::HOSTS_LOG","Log::WRITER_ASCII"],"value":0.0}
{"ts":1773717886.263484,"peer":"zeek","metric_type":"counter","name":"zeek_log_writer_truncated_string_fields_total","labels":["filter_name","module","path","stream","writer"],"label_values":["default","HTTP","http","HTTP::LOG","Log::WRITER_ASCII"],"value":0.0}
{"ts":1773717886.263484,"peer":"zeek","metric_type":"counter","name":"zeek_log_writer_truncated_string_fields_total","labels":["filter_name","module","path","stream","writer"],"label_values":["default","Known","known_services","Known::SERVICES_LOG","Log::WRITER_ASCII"],"value":0.0}
{"ts":1773717886.263484,"peer":"zeek","metric_type":"counter","name":"zeek_log_writer_truncated_string_fields_total","labels":["filter_name","module","path","stream","writer"],"label_values":["default","Stats","stats","Stats::LOG","Log::WRITER_ASCII"],"value":0.0}
{"ts":1773717886.263484,"peer":"zeek","metric_type":"counter","name":"zeek_log_writer_truncated_string_fields_total","labels":["filter_name","module","path","stream","writer"],"label_values":["default","Telemetry","telemetry","Telemetry::LOG","Log::WRITER_ASCII"],"value":0.0}
{"ts":1773717886.263484,"peer":"zeek","metric_type":"counter","name":"zeek_log_writer_truncated_string_fields_total","labels":["filter_name","module","path","stream","writer"],"label_values":["default","LoadedScripts","loaded_scripts","LoadedScripts::LOG","Log::WRITER_ASCII"],"value":0.0}
{"ts":1773717886.263484,"peer":"zeek","metric_type":"counter","name":"zeek_log_writer_truncated_string_fields_total","labels":["filter_name","module","path","stream","writer"],"label_values":["default","PacketFilter","packet_filter","PacketFilter::LOG","Log::WRITER_ASCII"],"value":0.0}
{"ts":1773717886.263484,"peer":"zeek","metric_type":"counter","name":"zeek_log_writer_truncated_containers_total","labels":["filter_name","module","path","stream","writer"],"label_values":["default","CaptureLoss","capture_loss","CaptureLoss::LOG","Log::WRITER_ASCII"],"value":0.0}
{"ts":1773717886.263484,"peer":"zeek","metric_type":"counter","name":"zeek_log_writer_truncated_containers_total","labels":["filter_name","module","path","stream","writer"],"label_values":["default","Conn","conn","Conn::LOG","Log::WRITER_ASCII"],"value":0.0}
{"ts":1773717886.263484,"peer":"zeek","metric_type":"counter","name":"zeek_log_writer_truncated_containers_total","labels":["filter_name","module","path","stream","writer"],"label_values":["default","DNS","dns","DNS::LOG","Log::WRITER_ASCII"],"value":0.0}
{"ts":1773717886.263484,"peer":"zeek","metric_type":"counter","name":"zeek_log_writer_truncated_containers_total","labels":["filter_name","module","path","stream","writer"],"label_values":["default","Files","files","Files::LOG","Log::WRITER_ASCII"],"value":0.0}
{"ts":1773717886.263484,"peer":"zeek","metric_type":"counter","name":"zeek_log_writer_truncated_containers_total","labels":["filter_name","module","path","stream","writer"],"label_values":["default","Known","known_hosts","Known::HOSTS_LOG","Log::WRITER_ASCII"],"value":0.0}
{"ts":1773717886.263484,"peer":"zeek","metric_type":"counter","name":"zeek_log_writer_truncated_containers_total","labels":["filter_name","module","path","stream","writer"],"label_values":["default","HTTP","http","HTTP::LOG","Log::WRITER_ASCII"],"value":0.0}
{"ts":1773717886.263484,"peer":"zeek","metric_type":"counter","name":"zeek_log_writer_truncated_containers_total","labels":["filter_name","module","path","stream","writer"],"label_values":["default","Known","known_services","Known::SERVICES_LOG","Log::WRITER_ASCII"],"value":0.0}
{"ts":1773717886.263484,"peer":"zeek","metric_type":"counter","name":"zeek_log_writer_truncated_containers_total","labels":["filter_name","module","path","stream","writer"],"label_values":["default","Stats","stats","Stats::LOG","Log::WRITER_ASCII"],"value":0.0}
{"ts":1773717886.263484,"peer":"zeek","metric_type":"counter","name":"zeek_log_writer_truncated_containers_total","labels":["filter_name","module","path","stream","writer"],"label_values":["default","Telemetry","telemetry","Telemetry::LOG","Log::WRITER_ASCII"],"value":0.0}
{"ts":1773717886.263484,"peer":"zeek","metric_type":"counter","name":"zeek_log_writer_truncated_containers_total","labels":["filter_name","module","path","stream","writer"],"label_values":["default","LoadedScripts","loaded_scripts","LoadedScripts::LOG","Log::WRITER_ASCII"],"value":0.0}
{"ts":1773717886.263484,"peer":"zeek","metric_type":"counter","name":"zeek_log_writer_truncated_containers_total","labels":["filter_name","module","path","stream","writer"],"label_values":["default","PacketFilter","packet_filter","PacketFilter::LOG","Log::WRITER_ASCII"],"value":0.0}
{"ts":1773717886.263484,"peer":"zeek","metric_type":"counter","name":"zeek_net_received_bytes_total","labels":[],"label_values":[],"value":677.0}
{"ts":1773717886.263484,"peer":"zeek","metric_type":"counter","name":"zeek_net_received_packets_total","labels":[],"label_values":[],"value":10.0}
{"ts":1773717886.263484,"peer":"zeek","metric_type":"counter","name":"zeek_msgthread_threads_total","labels":[],"label_values":[],"value":11.0}
{"ts":1773717886.263484,"peer":"zeek","metric_type":"counter","name":"zeek_msgthread_in_messages_total","labels":[],"label_values":[],"value":25.0}
{"ts":1773717886.263484,"peer":"zeek","metric_type":"counter","name":"zeek_msgthread_out_messages_total","labels":[],"label_values":[],"value":0.0}
{"ts":1773717886.263484,"peer":"zeek","metric_type":"counter","name":"zeek_cluster_core_outgoing_events_total","labels":[],"label_values":[],"value":0.0}
{"ts":1773717886.263484,"peer":"zeek","metric_type":"counter","name":"zeek_cluster_core_incoming_events_total","labels":[],"label_values":[],"value":0.0}
{"ts":1773717886.263484,"peer":"zeek","metric_type":"counter","name":"zeek_broker_incoming_events_total","labels":[],"label_values":[],"value":0.0}
{"ts":1773717886.263484,"peer":"zeek","metric_type":"counter","name":"zeek_broker_outgoing_events_total","labels":[],"label_values":[],"value":0.0}
{"ts":1773717886.263484,"peer":"zeek","metric_type":"counter","name":"zeek_broker_incoming_logs_total","labels":[],"label_values":[],"value":0.0}
{"ts":1773717886.263484,"peer":"zeek","metric_type":"counter","name":"zeek_broker_outgoing_logs_total","labels":[],"label_values":[],"value":0.0}
{"ts":1773717886.263484,"peer":"zeek","metric_type":"counter","name":"zeek_broker_incoming_ids_total","labels":[],"label_values":[],"value":0.0}
{"ts":1773717886.263484,"peer":"zeek","metric_type":"counter","name":"zeek_broker_outgoing_ids_total","labels":[],"label_values":[],"value":0.0}
{"ts":1773717886.263484,"peer":"zeek","metric_type":"counter","name":"zeek_timers_total","labels":[],"label_values":[],"value":137.0}
{"ts":1773717886.263484,"peer":"zeek","metric_type":"counter","name":"zeek_dnsmgr_requests_total","labels":[],"label_values":[],"value":0.0}
{"ts":1773717886.263484,"peer":"zeek","metric_type":"counter","name":"zeek_dnsmgr_successful_requests_total","labels":[],"label_values":[],"value":0.0}
{"ts":1773717886.263484,"peer":"zeek","metric_type":"counter","name":"zeek_dnsmgr_failed_requests_total","labels":[],"label_values":[],"value":0.0}
{"ts":1773717886.263484,"peer":"zeek","metric_type":"counter","name":"zeek_triggers_total","labels":[],"label_values":[],"value":0.0}
{"ts":1773717886.263484,"peer":"zeek","metric_type":"counter","name":"zeek_ended_sessions_total","labels":["reason"],"label_values":["inactivity"],"value":0.0}
{"ts":1773717886.263484,"peer":"zeek","metric_type":"counter","name":"zeek_event_handler_invocations_total","labels":["name"],"label_values":["connection_state_remove"],"value":2.0}
{"ts":1773717886.263484,"peer":"zeek","metric_type":"counter","name":"zeek_event_handler_invocations_total","labels":["name"],"label_values":["zeek_done"],"value":1.0}
{"ts":1773717886.263484,"peer":"zeek","metric_type":"counter","name":"zeek_event_handler_invocations_total","labels":["name"],"label_values":["net_done"],"value":1.0}
{"ts":1773717886.263484,"peer":"zeek","metric_type":"counter","name":"zeek_event_handler_invocations_total","labels":["name"],"label_values":["dns_request"],"value":1.0}
{"ts":1773717886.263484,"peer":"zeek","metric_type":"counter","name":"zeek_event_handler_invocations_total","labels":["name"],"label_values":["dns_message"],"value":2.0}
{"ts":1773717886.263484,"peer":"zeek","metric_type":"counter","name":"zeek_event_handler_invocations_total","labels":["name"],"label_values":["file_state_remove"],"value":1.0}
{"ts":1773717886.263484,"peer":"zeek","metric_type":"counter","name":"zeek_event_handler_invocations_total","labels":["name"],"label_values":["file_hash"],"value":3.0}
{"ts":1773717886.263484,"peer":"zeek","metric_type":"counter","name":"zeek_event_handler_invocations_total","labels":["name"],"label_values":["SumStats::finish_epoch"],"value":3.0}
{"ts":1773717886.263484,"peer":"zeek","metric_type":"counter","name":"zeek_event_handler_invocations_total","labels":["name"],"label_values":["service_info_commit"],"value":1.0}
{"ts":1773717886.263484,"peer":"zeek","metric_type":"counter","name":"zeek_event_handler_invocations_total","labels":["name"],"label_values":["check_stats"],"value":2.0}
{"ts":1773717886.263484,"peer":"zeek","metric_type":"counter","name":"zeek_event_handler_invocations_total","labels":["name"],"label_values":["http_reply"],"value":1.0}
{"ts":1773717886.263484,"peer":"zeek","metric_type":"counter","name":"zeek_event_handler_invocations_total","labels":["name"],"label_values":["http_request"],"value":1.0}
{"ts":1773717886.263484,"peer":"zeek","metric_type":"counter","name":"zeek_event_handler_invocations_total","labels":["name"],"label_values":["new_connection"],"value":2.0}
{"ts":1773717886.263484,"peer":"zeek","metric_type":"counter","name":"zeek_event_handler_invocations_total","labels":["name"],"label_values":["zeek_script_loaded"],"value":538.0}
{"ts":1773717886.263484,"peer":"zeek","metric_type":"counter","name":"zeek_event_handler_invocations_total","labels":["name"],"label_values":["http_end_entity"],"value":2.0}
{"ts":1773717886.263484,"peer":"zeek","metric_type":"counter","name":"zeek_event_handler_invocations_total","labels":["name"],"label_values":["known_service_add"],"value":1.0}
{"ts":1773717886.263484,"peer":"zeek","metric_type":"counter","name":"zeek_event_handler_invocations_total","labels":["name"],"label_values":["Broker::log_flush"],"value":2.0}
{"ts":1773717886.263484,"peer":"zeek","metric_type":"counter","name":"zeek_event_handler_invocations_total","labels":["name"],"label_values":["filter_change_tracking"],"value":3.0}
{"ts":1773717886.263484,"peer":"zeek","metric_type":"counter","name":"zeek_event_handler_invocations_total","labels":["name"],"label_values":["dns_A_reply"],"value":1.0}
{"ts":1773717886.263484,"peer":"zeek","metric_type":"counter","name":"zeek_event_handler_invocations_total","labels":["name"],"label_values":["grab_vulnerable_versions"],"value":3.0}
{"ts":1773717886.263484,"peer":"zeek","metric_type":"counter","name":"zeek_event_handler_invocations_total","labels":["name"],"label_values":["NetControl::init"],"value":1.0}
{"ts":1773717886.263484,"peer":"zeek","metric_type":"counter","name":"zeek_event_handler_invocations_total","labels":["name"],"label_values":["analyzer_confirmation_info"],"value":2.0}
{"ts":1773717886.263484,"peer":"zeek","metric_type":"counter","name":"zeek_event_handler_invocations_total","labels":["name"],"label_values":["connection_established"],"value":1.0}
{"ts":1773717886.263484,"peer":"zeek","metric_type":"counter","name":"zeek_event_handler_invocations_total","labels":["name"],"label_values":["Telemetry::log"],"value":2.0}
{"ts":1773717886.263484,"peer":"zeek","metric_type":"counter","name":"zeek_event_handler_invocations_total","labels":["name"],"label_values":["ChecksumOffloading::check"],"value":2.0}
{"ts":1773717886.263484,"peer":"zeek","metric_type":"counter","name":"zeek_event_handler_invocations_total","labels":["name"],"label_values":["zeek_init"],"value":1.0}
{"ts":1773717886.263484,"peer":"zeek","metric_type":"counter","name":"zeek_event_handler_invocations_total","labels":["name"],"label_values":["get_file_handle"],"value":4.0}
{"ts":1773717886.263484,"peer":"zeek","metric_type":"counter","name":"zeek_event_handler_invocations_total","labels":["name"],"label_values":["Known::host_found"],"value":2.0}
{"ts":1773717886.263484,"peer":"zeek","metric_type":"counter","name":"zeek_event_handler_invocations_total","labels":["name"],"label_values":["dns_end"],"value":2.0}
{"ts":1773717886.263484,"peer":"zeek","metric_type":"counter","name":"zeek_event_handler_invocations_total","labels":["name"],"label_values":["CaptureLoss::take_measurement"],"value":2.0}
{"ts":1773717886.263484,"peer":"zeek","metric_type":"counter","name":"zeek_event_handler_invocations_total","labels":["name"],"label_values":["http_begin_entity"],"value":2.0}
{"ts":1773717886.263484,"peer":"zeek","metric_type":"counter","name":"zeek_event_handler_invocations_total","labels":["name"],"label_values":["file_sniff"],"value":1.0}
{"ts":1773717886.263484,"peer":"zeek","metric_type":"counter","name":"zeek_event_handler_invocations_total","labels":["name"],"label_values":["known_host_add"],"value":2.0}
{"ts":1773717886.263484,"peer":"zeek","metric_type":"counter","name":"zeek_event_handler_invocations_total","labels":["name"],"label_values":["http_header"],"value":2.0}
{"ts":1773717886.263484,"peer":"zeek","metric_type":"counter","name":"zeek_event_handler_invocations_total","labels":["name"],"label_values":["http_message_done"],"value":2.0}
{"ts":1773717886.263484,"peer":"zeek","metric_type":"counter","name":"zeek_event_handler_invocations_total","labels":["name"],"label_values":["content_gap"],"value":1.0}
{"ts":1773717886.263484,"peer":"zeek","metric_type":"counter","name":"zeek_event_handler_invocations_total","labels":["name"],"label_values":["file_over_new_connection"],"value":1.0}
{"ts":1773717886.263484,"peer":"zeek","metric_type":"counter","name":"zeek_event_handler_invocations_total","labels":["name"],"label_values":["file_new"],"value":1.0}
{"ts":1773717886.263484,"peer":"zeek","metric_type":"counter","name":"zeek_total_sessions_total","labels":["protocol"],"label_values":["icmp"],"value":0.0}
{"ts":1773717886.263484,"peer":"zeek","metric_type":"counter","name":"zeek_total_sessions_total","labels":["protocol"],"label_values":["udp"],"value":1.0}
{"ts":1773717886.263484,"peer":"zeek","metric_type":"counter","name":"zeek_total_sessions_total","labels":["protocol"],"label_values":["tcp"],"value":1.0}
{"ts":1773717886.263484,"peer":"zeek","metric_type":"gauge","name":"zeek_version_info","labels":["beta","commit","debug","major","minor","patch","version_number","version_string"],"label_values":["false","0","false","8","1","1","80101","8.1.1"],"value":1.0}
{"ts":1773717886.263484,"peer":"zeek","metric_type":"gauge","name":"zeek_net_timestamp_seconds","labels":[],"label_values":[],"value":1773717886.263484}
{"ts":1773717886.263484,"peer":"zeek","metric_type":"gauge","name":"zeek_msgthread_active_threads","labels":[],"label_values":[],"value":11.0}
{"ts":1773717886.263484,"peer":"zeek","metric_type":"gauge","name":"zeek_msgthread_pending_in_messages","labels":[],"label_values":[],"value":0.0}
{"ts":1773717886.263484,"peer":"zeek","metric_type":"gauge","name":"zeek_msgthread_pending_out_messages","labels":[],"label_values":[],"value":0.0}
{"ts":1773717886.263484,"peer":"zeek","metric_type":"gauge","name":"zeek_msgthread_pending_messages_in_buckets","labels":["leq"],"label_values":["inf"],"value":2.0}
{"ts":1773717886.263484,"peer":"zeek","metric_type":"gauge","name":"zeek_msgthread_pending_messages_in_buckets","labels":["leq"],"label_values":["10000"],"value":2.0}
{"ts":1773717886.263484,"peer":"zeek","metric_type":"gauge","name":"zeek_msgthread_pending_messages_in_buckets","labels":["leq"],"label_values":["1000"],"value":2.0}
{"ts":1773717886.263484,"peer":"zeek","metric_type":"gauge","name":"zeek_msgthread_pending_messages_in_buckets","labels":["leq"],"label_values":["100"],"value":2.0}
{"ts":1773717886.263484,"peer":"zeek","metric_type":"gauge","name":"zeek_msgthread_pending_messages_in_buckets","labels":["leq"],"label_values":["10"],"value":2.0}
{"ts":1773717886.263484,"peer":"zeek","metric_type":"gauge","name":"zeek_msgthread_pending_messages_in_buckets","labels":["leq"],"label_values":["1"],"value":2.0}
{"ts":1773717886.263484,"peer":"zeek","metric_type":"gauge","name":"zeek_msgthread_pending_messages_out_buckets","labels":["leq"],"label_values":["inf"],"value":2.0}
{"ts":1773717886.263484,"peer":"zeek","metric_type":"gauge","name":"zeek_msgthread_pending_messages_out_buckets","labels":["leq"],"label_values":["10000"],"value":2.0}
{"ts":1773717886.263484,"peer":"zeek","metric_type":"gauge","name":"zeek_msgthread_pending_messages_out_buckets","labels":["leq"],"label_values":["1000"],"value":2.0}
{"ts":1773717886.263484,"peer":"zeek","metric_type":"gauge","name":"zeek_msgthread_pending_messages_out_buckets","labels":["leq"],"label_values":["100"],"value":2.0}
{"ts":1773717886.263484,"peer":"zeek","metric_type":"gauge","name":"zeek_msgthread_pending_messages_out_buckets","labels":["leq"],"label_values":["10"],"value":2.0}
{"ts":1773717886.263484,"peer":"zeek","metric_type":"gauge","name":"zeek_msgthread_pending_messages_out_buckets","labels":["leq"],"label_values":["1"],"value":2.0}
{"ts":1773717886.263484,"peer":"zeek","metric_type":"gauge","name":"zeek_broker_peers","labels":[],"label_values":[],"value":0.0}
{"ts":1773717886.263484,"peer":"zeek","metric_type":"gauge","name":"zeek_broker_stores","labels":[],"label_values":[],"value":1.0}
{"ts":1773717886.263484,"peer":"zeek","metric_type":"gauge","name":"zeek_broker_pending_queries","labels":[],"label_values":[],"value":0.0}
{"ts":1773717886.263484,"peer":"zeek","metric_type":"gauge","name":"zeek_timers_lag_time_seconds","labels":[],"label_values":[],"value":1773717886.263484}
{"ts":1773717886.263484,"peer":"zeek","metric_type":"gauge","name":"zeek_timers_pending","labels":["type"],"label_values":["LogDelayExpire"],"value":0.0}
{"ts":1773717886.263484,"peer":"zeek","metric_type":"gauge","name":"zeek_timers_pending","labels":["type"],"label_values":["ThreadHeartbeat"],"value":0.0}
{"ts":1773717886.263484,"peer":"zeek","metric_type":"gauge","name":"zeek_timers_pending","labels":["type"],"label_values":["TimerMgrExpireTimer"],"value":0.0}
{"ts":1773717886.263484,"peer":"zeek","metric_type":"gauge","name":"zeek_timers_pending","labels":["type"],"label_values":["ParentProcessIDCheck"],"value":0.0}
{"ts":1773717886.263484,"peer":"zeek","metric_type":"gauge","name":"zeek_timers_pending","labels":["type"],"label_values":["FragTimer"],"value":0.0}
{"ts":1773717886.263484,"peer":"zeek","metric_type":"gauge","name":"zeek_timers_pending","labels":["type"],"label_values":["RotateTimer"],"value":0.0}
{"ts":1773717886.263484,"peer":"zeek","metric_type":"gauge","name":"zeek_timers_pending","labels":["type"],"label_values":["FlowWeirdTimer"],"value":0.0}
{"ts":1773717886.263484,"peer":"zeek","metric_type":"gauge","name":"zeek_timers_pending","labels":["type"],"label_values":["FileAnalysisInactivityTimer"],"value":0.0}
{"ts":1773717886.263484,"peer":"zeek","metric_type":"gauge","name":"zeek_timers_pending","labels":["type"],"label_values":["StorageExpire"],"value":0.0}
{"ts":1773717886.263484,"peer":"zeek","metric_type":"gauge","name":"zeek_timers_pending","labels":["type"],"label_values":["ConnectionInactivityTimer"],"value":0.0}
{"ts":1773717886.263484,"peer":"zeek","metric_type":"gauge","name":"zeek_timers_pending","labels":["type"],"label_values":["TCPConnectionExpireTimer"],"value":0.0}
{"ts":1773717886.263484,"peer":"zeek","metric_type":"gauge","name":"zeek_timers_pending","labels":["type"],"label_values":["ConnectionStatusUpdateTimer"],"value":0.0}
{"ts":1773717886.263484,"peer":"zeek","metric_type":"gauge","name":"zeek_timers_pending","labels":["type"],"label_values":["LogFlushWriteBufferTimer"],"value":0.0}
{"ts":1773717886.263484,"peer":"zeek","metric_type":"gauge","name":"zeek_timers_pending","labels":["type"],"label_values":["NetWeirdTimer"],"value":0.0}
{"ts":1773717886.263484,"peer":"zeek","metric_type":"gauge","name":"zeek_timers_pending","labels":["type"],"label_values":["InterconnTimer"],"value":0.0}
{"ts":1773717886.263484,"peer":"zeek","metric_type":"gauge","name":"zeek_timers_pending","labels":["type"],"label_values":["IPTunnelInactivityTimer"],"value":0.0}
{"ts":1773717886.263484,"peer":"zeek","metric_type":"gauge","name":"zeek_timers_pending","labels":["type"],"label_values":["DNSExpireTimer"],"value":0.0}
{"ts":1773717886.263484,"peer":"zeek","metric_type":"gauge","name":"zeek_timers_pending","labels":["type"],"label_values":["UnknownProtocolExpire"],"value":0.0}
{"ts":1773717886.263484,"peer":"zeek","metric_type":"gauge","name":"zeek_timers_pending","labels":["type"],"label_values":["ProfileTimer"],"value":0.0}
{"ts":1773717886.263484,"peer":"zeek","metric_type":"gauge","name":"zeek_timers_pending","labels":["type"],"label_values":["ConnectionExpireTimer"],"value":0.0}
{"ts":1773717886.263484,"peer":"zeek","metric_type":"gauge","name":"zeek_timers_pending","labels":["type"],"label_values":["BreakpointTimer"],"value":0.0}
{"ts":1773717886.263484,"peer":"zeek","metric_type":"gauge","name":"zeek_timers_pending","labels":["type"],"label_values":["BackdoorTimer"],"value":0.0}
{"ts":1773717886.263484,"peer":"zeek","metric_type":"gauge","name":"zeek_timers_pending","labels":["type"],"label_values":["NetbiosExpireTimer"],"value":0.0}
{"ts":1773717886.263484,"peer":"zeek","metric_type":"gauge","name":"zeek_timers_pending","labels":["type"],"label_values":["NetworkTimer"],"value":0.0}
{"ts":1773717886.263484,"peer":"zeek","metric_type":"gauge","name":"zeek_timers_pending","labels":["type"],"label_values":["RemoveConnection"],"value":0.0}
{"ts":1773717886.263484,"peer":"zeek","metric_type":"gauge","name":"zeek_timers_pending","labels":["type"],"label_values":["TCPConnectionResetTimer"],"value":0.0}
{"ts":1773717886.263484,"peer":"zeek","metric_type":"gauge","name":"zeek_timers_pending","labels":["type"],"label_values":["ConnTupleWeirdTimer"],"value":0.0}
{"ts":1773717886.263484,"peer":"zeek","metric_type":"gauge","name":"zeek_timers_pending","labels":["type"],"label_values":["TCPConnectionDeleteTimer"],"value":0.0}
{"ts":1773717886.263484,"peer":"zeek","metric_type":"gauge","name":"zeek_timers_pending","labels":["type"],"label_values":["ScheduleTimer"],"value":0.0}
{"ts":1773717886.263484,"peer":"zeek","metric_type":"gauge","name":"zeek_timers_pending","labels":["type"],"label_values":["NTPExpireTimer"],"value":0.0}
{"ts":1773717886.263484,"peer":"zeek","metric_type":"gauge","name":"zeek_timers_pending","labels":["type"],"label_values":["RPCExpireTimer"],"value":0.0}
{"ts":1773717886.263484,"peer":"zeek","metric_type":"gauge","name":"zeek_timers_pending","labels":["type"],"label_values":["ConnectionDeleteTimer"],"value":0.0}
{"ts":1773717886.263484,"peer":"zeek","metric_type":"gauge","name":"zeek_timers_pending","labels":["type"],"label_values":["TriggerTimer"],"value":0.0}
{"ts":1773717886.263484,"peer":"zeek","metric_type":"gauge","name":"zeek_timers_pending","labels":["type"],"label_values":["TableValTimer"],"value":0.0}
{"ts":1773717886.263484,"peer":"zeek","metric_type":"gauge","name":"zeek_timers_pending","labels":["type"],"label_values":["TCPConnectionAttemptTimer"],"value":0.0}
{"ts":1773717886.263484,"peer":"zeek","metric_type":"gauge","name":"zeek_timers_pending","labels":["type"],"label_values":["TCPConnectionPartialClose"],"value":0.0}
{"ts":1773717886.263484,"peer":"zeek","metric_type":"gauge","name":"zeek_dnsmgr_pending_asyncs_requests","labels":[],"label_values":[],"value":0.0}
{"ts":1773717886.263484,"peer":"zeek","metric_type":"gauge","name":"zeek_dnsmgr_cache_entries","labels":["type"],"label_values":["text"],"value":0.0}
{"ts":1773717886.263484,"peer":"zeek","metric_type":"gauge","name":"zeek_dnsmgr_cache_entries","labels":["type"],"label_values":["address"],"value":0.0}
{"ts":1773717886.263484,"peer":"zeek","metric_type":"gauge","name":"zeek_dnsmgr_cache_entries","labels":["type"],"label_values":["host"],"value":0.0}
{"ts":1773717886.263484,"peer":"zeek","metric_type":"gauge","name":"zeek_pending_triggers","labels":[],"label_values":[],"value":0.0}
{"ts":1773717886.263484,"peer":"zeek","metric_type":"gauge","name":"zeek_active_sessions","labels":["protocol"],"label_values":["icmp"],"value":0.0}
{"ts":1773717886.263484,"peer":"zeek","metric_type":"gauge","name":"zeek_active_sessions","labels":["protocol"],"label_values":["udp"],"value":0.0}
{"ts":1773717886.263484,"peer":"zeek","metric_type":"gauge","name":"zeek_active_sessions","labels":["protocol"],"label_values":["tcp"],"value":1.0}
